M103
G1 Z0.01 F900.00
G1 X0.00 Y0.00 F900.00
M101
G1 X1.00 Y1.00 F300.00 E1
G1 X1.00 Y-1.00 F300.00 E1
G1 X-1.00 Y1.00 F300.00 E1
G1 X-1.00 Y-1.00 F300.00 E1
G1 X0.00 Y0.00 F300.00 E1
M103
G1 Z0.02 F900.00
M101
G1 X1.00 Y1.00 F300.00 E1
G1 X1.00 Y-1.00 F300.00 E1
G1 X-1.00 Y1.00 F300.00 E1
G1 X-1.00 Y-1.00 F300.00 E1
G1 X0.00 Y0.00 F300.00 E1
M103
G1 Z0.03 F900.00
G1 X-1.00 Y1.00 F900.00
M101
G1 X1.00 Y1.00 F300.00 E1
G1 X1.00 Y-1.00 F300.00 E1
G1 X-1.00 Y-1.00 F300.00 E1
M103
G1 Z0.04 F900.00
G1 X0.00 Y0.00 F900.00
M101
G1 X1.00 Y1.00 F300.00 E1
G1 X1.00 Y-1.00 F300.00 E1
G1 X-1.00 Y1.00 F300.00 E1
G1 X-1.00 Y-1.00 F300.00 E1
G1 X0.00 Y0.00 F300.00 E1
